[nicolaegabriel.info/live/admin-easy-bootstrap/index.html]
[backblue.gif]
[fade.gif]
[index.html]
[nicolaegabriel.info/live/admin-easy-bootstrap/fonts/font-awesome-4.0.3/css/font-awesome.min.css]
[nicolaegabriel.info/live/admin-easy-bootstrap/bootstrap/css/bootstrap.css]
[nicolaegabriel.info/live/admin-easy-bootstrap/scripts/jquery.prettycheckable/prettycheckable.css]
[code.jquery.com/jquery-1.11.1.min.js]
[nicolaegabriel.info/live/admin-easy-bootstrap/scripts/jquery.easypiechart/easypiechart.css]
[nicolaegabriel.info/live/admin-easy-bootstrap/style.css]
[nicolaegabriel.info/live/admin-easy-bootstrap/index-2.html]
[nicolaegabriel.info/live/admin-easy-bootstrap/images/logo.png]
[nicolaegabriel.info/live/admin-easy-bootstrap/images/user-img.png]
[nicolaegabriel.info/live/admin-easy-bootstrap/ui-sliders.html]
[code.jquery.com/ui/1.11.0/jquery-ui.min.js]
[nicolaegabriel.info/live/admin-easy-bootstrap/buttons.html]
[nicolaegabriel.info/live/admin-easy-bootstrap/icons.html]
[nicolaegabriel.info/live/admin-easy-bootstrap/tabs-and-accordions.html]
[nicolaegabriel.info/live/admin-easy-bootstrap/modals.html]
[nicolaegabriel.info/live/admin-easy-bootstrap/nestable-lists.html]
[nicolaegabriel.info/live/admin-easy-bootstrap/progress-bars.html]
[nicolaegabriel.info/live/admin-easy-bootstrap/forms.html]
[nicolaegabriel.info/live/admin-easy-bootstrap/profile-and-timeline.html]
[nicolaegabriel.info/live/admin-easy-bootstrap/search-page.html]
[nicolaegabriel.info/live/admin-easy-bootstrap/invoice.html]
[nicolaegabriel.info/live/admin-easy-bootstrap/message-page.html]
[nicolaegabriel.info/live/admin-easy-bootstrap/calendar.html]
[nicolaegabriel.info/live/admin-easy-bootstrap/gallery.html]
[nicolaegabriel.info/live/admin-easy-bootstrap/cowntdown.html]
[nicolaegabriel.info/live/admin-easy-bootstrap/page-not-found.html]
[nicolaegabriel.info/live/admin-easy-bootstrap/typography.html]
[nicolaegabriel.info/live/admin-easy-bootstrap/dropzone-page.html]
[nicolaegabriel.info/live/admin-easy-bootstrap/notes.html]
[nicolaegabriel.info/live/admin-easy-bootstrap/contact-page.html]
[nicolaegabriel.info/live/admin-easy-bootstrap/basic-tables.html]
[nicolaegabriel.info/live/admin-easy-bootstrap/login-and-register.html]
[nicolaegabriel.info/live/admin-easy-bootstrap/lock-screen.html]
[nicolaegabriel.info/live/admin-easy-bootstrap/charts.html]
[nicolaegabriel.info/live/admin-easy-bootstrap/images/profile-c-01.png]
[nicolaegabriel.info/live/admin-easy-bootstrap/images/profile-c-02.png]
[nicolaegabriel.info/live/admin-easy-bootstrap/images/profile-c-03.png]
[nicolaegabriel.info/live/admin-easy-bootstrap/images/profile-c-04.png]
[nicolaegabriel.info/live/admin-easy-bootstrap/images/post-large-01.png]
[nicolaegabriel.info/live/admin-easy-bootstrap/images/post-large-03.png]
[nicolaegabriel.info/live/admin-easy-bootstrap/images/post-large-02.png]
[nicolaegabriel.info/live/admin-easy-bootstrap/images/post-large-04.png]
[nicolaegabriel.info/live/admin-easy-bootstrap/images/post-img-01.jpg]
[nicolaegabriel.info/live/admin-easy-bootstrap/images/post-small-01.png]
[nicolaegabriel.info/live/admin-easy-bootstrap/images/post-small-02.png]
[nicolaegabriel.info/live/admin-easy-bootstrap/images/post-small-03.png]
[nicolaegabriel.info/live/admin-easy-bootstrap/images/post-small-04.png]
[nicolaegabriel.info/live/admin-easy-bootstrap/images/post-large-06.png]
[nicolaegabriel.info/live/admin-easy-bootstrap/images/messages-small-01.png]
[nicolaegabriel.info/live/admin-easy-bootstrap/images/messages-small-02.png]
[nicolaegabriel.info/live/admin-easy-bootstrap/images/messages-small-03.png]
[nicolaegabriel.info/live/admin-easy-bootstrap/images/messages-small-04.png]
[nicolaegabriel.info/live/admin-easy-bootstrap/images/messages-small-05.png]
[nicolaegabriel.info/live/admin-easy-bootstrap/scripts/jquery.prettycheckable/prettycheckable.js]
[nicolaegabriel.info/live/admin-easy-bootstrap/scripts/jquery.easypiechart/jquery.easypiechart.js]
[nicolaegabriel.info/live/admin-easy-bootstrap/scripts/jquery.gmap/gmap3.js]
[nicolaegabriel.info/live/admin-easy-bootstrap/custom.js]
[nicolaegabriel.info/live/admin-easy-bootstrap/bootstrap/js/bootstrap.min.js]
[nicolaegabriel.info/live/admin-easy-bootstrap/index.html]
[nicolaegabriel.info/live/admin-easy-bootstrap/fonts/font-awesome-4.0.3/fonts/fontawesome-webfontba72.eot]
[nicolaegabriel.info/live/admin-easy-bootstrap/fonts/font-awesome-4.0.3/fonts/fontawesome-webfontd41d.eot]
[nicolaegabriel.info/live/admin-easy-bootstrap/fonts/font-awesome-4.0.3/fonts/fontawesome-webfontba72.woff]
[nicolaegabriel.info/live/admin-easy-bootstrap/fonts/font-awesome-4.0.3/fonts/fontawesome-webfontba72.ttf]
[nicolaegabriel.info/live/admin-easy-bootstrap/fonts/font-awesome-4.0.3/css/font-awesome.min.css]
[nicolaegabriel.info/live/admin-easy-bootstrap/bootstrap/fonts/glyphicons-halflings-regular.eot]
[nicolaegabriel.info/live/admin-easy-bootstrap/bootstrap/fonts/glyphicons-halflings-regulard41d.eot]
[nicolaegabriel.info/live/admin-easy-bootstrap/bootstrap/fonts/glyphicons-halflings-regular.woff]
[nicolaegabriel.info/live/admin-easy-bootstrap/bootstrap/fonts/glyphicons-halflings-regular.ttf]
[nicolaegabriel.info/live/admin-easy-bootstrap/bootstrap/css/bootstrap.css]
[nicolaegabriel.info/live/admin-easy-bootstrap/scripts/jquery.prettycheckable/back-check-disabled.png]
[nicolaegabriel.info/live/admin-easy-bootstrap/scripts/jquery.prettycheckable/back-radio-disabled.png]
[nicolaegabriel.info/live/admin-easy-bootstrap/scripts/jquery.prettycheckable/blue-checkbox.png]
[nicolaegabriel.info/live/admin-easy-bootstrap/scripts/jquery.prettycheckable/blue-radiobox.png]
[nicolaegabriel.info/live/admin-easy-bootstrap/scripts/jquery.prettycheckable/prettycheckable.css]
[nicolaegabriel.info/live/admin-easy-bootstrap/scripts/jquery.tipsy/tipsy.html]
[nicolaegabriel.info/live/admin-easy-bootstrap/scripts/jquery.easypiechart/easypiechart.css]
[nicolaegabriel.info/live/admin-easy-bootstrap/images/icon-clock-dashboard.png]
[nicolaegabriel.info/live/admin-easy-bootstrap/images/icon-task-dashboard.png]
[nicolaegabriel.info/live/admin-easy-bootstrap/images/icon-globe-dashboard.png]
[nicolaegabriel.info/live/admin-easy-bootstrap/images/dropd-1.png]
[nicolaegabriel.info/live/admin-easy-bootstrap/images/dropd-2.png]
[nicolaegabriel.info/live/admin-easy-bootstrap/images/back-shadow-style.png]
[nicolaegabriel.info/live/admin-easy-bootstrap/images/note-cancel-icon.png]
[nicolaegabriel.info/live/admin-easy-bootstrap/images/icon-profile-c-01.png]
[nicolaegabriel.info/live/admin-easy-bootstrap/images/icon-profile-c-02.png]
[nicolaegabriel.info/live/admin-easy-bootstrap/images/icon-profile-c-03.png]
[nicolaegabriel.info/live/admin-easy-bootstrap/images/back-posts-o.png]
[nicolaegabriel.info/live/admin-easy-bootstrap/images/tabs-pin.png]
[nicolaegabriel.info/live/admin-easy-bootstrap/images/tabs-icn.png]
[nicolaegabriel.info/live/admin-easy-bootstrap/images/post-icon-1.png]
[nicolaegabriel.info/live/admin-easy-bootstrap/images/post-icon-2.png]
[nicolaegabriel.info/live/admin-easy-bootstrap/images/post-icon-3.png]
[nicolaegabriel.info/live/admin-easy-bootstrap/images/post-icon-4.png]
[nicolaegabriel.info/live/admin-easy-bootstrap/images/icon-plus-timeline.png]
[nicolaegabriel.info/live/admin-easy-bootstrap/images/post-pin.png]
[nicolaegabriel.info/live/admin-easy-bootstrap/images/back-timeline-border.png]
[nicolaegabriel.info/live/admin-easy-bootstrap/images/post-bullets.png]
[nicolaegabriel.info/live/admin-easy-bootstrap/images/icon-panel-settings.png]
[nicolaegabriel.info/live/admin-easy-bootstrap/images/login-icons-1.png]
[nicolaegabriel.info/live/admin-easy-bootstrap/images/login-icons-2.png]
[nicolaegabriel.info/live/admin-easy-bootstrap/images/back-gallery-overlay.png]
[nicolaegabriel.info/live/admin-easy-bootstrap/images/icon-max-gal-2.png]
[nicolaegabriel.info/live/admin-easy-bootstrap/images/icon-edit-gal-2.png]
[nicolaegabriel.info/live/admin-easy-bootstrap/images/icon-trash-gal-2.png]
[nicolaegabriel.info/live/admin-easy-bootstrap/images/arrow-unordered-list.png]
[nicolaegabriel.info/live/admin-easy-bootstrap/images/bullet-unordered-list.png]
[nicolaegabriel.info/live/admin-easy-bootstrap/images/icon-task.png]
[nicolaegabriel.info/live/admin-easy-bootstrap/images/icon-clock.png]
[nicolaegabriel.info/live/admin-easy-bootstrap/images/icon-calendar.png]
[nicolaegabriel.info/live/admin-easy-bootstrap/images/icon-connections.png]
[nicolaegabriel.info/live/admin-easy-bootstrap/images/icon-doc.png]
[nicolaegabriel.info/live/admin-easy-bootstrap/images/icon-homepg.png]
[nicolaegabriel.info/live/admin-easy-bootstrap/images/icon-plus-green.png]
[nicolaegabriel.info/live/admin-easy-bootstrap/images/icon-thumbs-up.png]
[nicolaegabriel.info/live/admin-easy-bootstrap/images/icon-facebook.png]
[nicolaegabriel.info/live/admin-easy-bootstrap/images/icon-twitter.png]
[nicolaegabriel.info/live/admin-easy-bootstrap/images/icon-pinterest.png]
[nicolaegabriel.info/live/admin-easy-bootstrap/images/icon-home-large.png]
[nicolaegabriel.info/live/admin-easy-bootstrap/images/icon-calendar-large.png]
[nicolaegabriel.info/live/admin-easy-bootstrap/images/icon-settings.png]
[nicolaegabriel.info/live/admin-easy-bootstrap/images/users-star.png]
[nicolaegabriel.info/live/admin-easy-bootstrap/images/users-no-act.png]
[nicolaegabriel.info/live/admin-easy-bootstrap/images/users-bubble.png]
[nicolaegabriel.info/live/admin-easy-bootstrap/images/maps-pin.png]
[nicolaegabriel.info/live/admin-easy-bootstrap/images/icon-1.png]
[nicolaegabriel.info/live/admin-easy-bootstrap/images/icon-2.png]
[nicolaegabriel.info/live/admin-easy-bootstrap/images/icon-3.png]
[nicolaegabriel.info/live/admin-easy-bootstrap/images/icon-4.png]
[nicolaegabriel.info/live/admin-easy-bootstrap/images/icon-5.png]
[nicolaegabriel.info/live/admin-easy-bootstrap/images/icon-6.png]
[nicolaegabriel.info/live/admin-easy-bootstrap/images/icon-7.png]
[nicolaegabriel.info/live/admin-easy-bootstrap/images/icon-8.png]
[nicolaegabriel.info/live/admin-easy-bootstrap/images/icon-9.png]
[nicolaegabriel.info/live/admin-easy-bootstrap/images/icon-10.png]
[nicolaegabriel.info/live/admin-easy-bootstrap/images/icon-11.png]
[nicolaegabriel.info/live/admin-easy-bootstrap/images/icon-12.png]
[nicolaegabriel.info/live/admin-easy-bootstrap/images/icon-13.png]
[nicolaegabriel.info/live/admin-easy-bootstrap/images/icon-14.png]
[nicolaegabriel.info/live/admin-easy-bootstrap/images/icon-15.png]
[nicolaegabriel.info/live/admin-easy-bootstrap/images/icon-16.png]
[nicolaegabriel.info/live/admin-easy-bootstrap/images/icon-17.png]
[nicolaegabriel.info/live/admin-easy-bootstrap/images/icon-18.png]
[nicolaegabriel.info/live/admin-easy-bootstrap/images/icon-19.png]
[nicolaegabriel.info/live/admin-easy-bootstrap/images/icon-20.png]
[nicolaegabriel.info/live/admin-easy-bootstrap/images/icon-21.png]
[nicolaegabriel.info/live/admin-easy-bootstrap/images/icon-22.png]
[nicolaegabriel.info/live/admin-easy-bootstrap/images/icon-23.png]
[nicolaegabriel.info/live/admin-easy-bootstrap/images/icon-24.png]
[nicolaegabriel.info/live/admin-easy-bootstrap/images/icon-25.png]
[nicolaegabriel.info/live/admin-easy-bootstrap/images/icon-26.png]
[nicolaegabriel.info/live/admin-easy-bootstrap/images/icon-27.png]
[nicolaegabriel.info/live/admin-easy-bootstrap/images/icon-28.png]
[nicolaegabriel.info/live/admin-easy-bootstrap/images/icon-29.png]
[nicolaegabriel.info/live/admin-easy-bootstrap/images/icon-30.png]
[nicolaegabriel.info/live/admin-easy-bootstrap/images/icon-31.png]
[nicolaegabriel.info/live/admin-easy-bootstrap/images/icon-32.png]
[nicolaegabriel.info/live/admin-easy-bootstrap/images/icon-33.png]
[nicolaegabriel.info/live/admin-easy-bootstrap/images/icon-34.png]
[nicolaegabriel.info/live/admin-easy-bootstrap/images/icon-35.png]
[nicolaegabriel.info/live/admin-easy-bootstrap/images/icon-36.png]
[nicolaegabriel.info/live/admin-easy-bootstrap/images/icon-37.png]
[nicolaegabriel.info/live/admin-easy-bootstrap/images/icon-38.png]
[nicolaegabriel.info/live/admin-easy-bootstrap/images/icon-39.png]
[nicolaegabriel.info/live/admin-easy-bootstrap/images/icon-40.png]
[nicolaegabriel.info/live/admin-easy-bootstrap/images/icon-41.png]
[nicolaegabriel.info/live/admin-easy-bootstrap/images/icon-42.png]
[nicolaegabriel.info/live/admin-easy-bootstrap/images/icon-43.png]
[nicolaegabriel.info/live/admin-easy-bootstrap/images/icon-44.png]
[nicolaegabriel.info/live/admin-easy-bootstrap/images/icon-45.png]
[nicolaegabriel.info/live/admin-easy-bootstrap/images/icon-46.png]
[nicolaegabriel.info/live/admin-easy-bootstrap/images/icon-47.png]
[nicolaegabriel.info/live/admin-easy-bootstrap/images/icon-48.png]
[nicolaegabriel.info/live/admin-easy-bootstrap/images/icon-49.png]
[nicolaegabriel.info/live/admin-easy-bootstrap/images/icon-50.png]
[nicolaegabriel.info/live/admin-easy-bootstrap/images/icon-51.png]
[nicolaegabriel.info/live/admin-easy-bootstrap/images/icon-52.png]
[nicolaegabriel.info/live/admin-easy-bootstrap/images/icon-53.png]
[nicolaegabriel.info/live/admin-easy-bootstrap/images/icon-54.png]
[nicolaegabriel.info/live/admin-easy-bootstrap/images/icon-55.png]
[nicolaegabriel.info/live/admin-easy-bootstrap/images/icon-56.png]
[nicolaegabriel.info/live/admin-easy-bootstrap/images/icon-57.png]
[nicolaegabriel.info/live/admin-easy-bootstrap/images/icon-58.png]
[nicolaegabriel.info/live/admin-easy-bootstrap/images/icon-59.png]
[nicolaegabriel.info/live/admin-easy-bootstrap/images/icon-60.png]
[nicolaegabriel.info/live/admin-easy-bootstrap/images/icon-61.png]
[nicolaegabriel.info/live/admin-easy-bootstrap/images/icon-62.png]
[nicolaegabriel.info/live/admin-easy-bootstrap/images/icon-63.png]
[nicolaegabriel.info/live/admin-easy-bootstrap/images/icon-64.png]
[nicolaegabriel.info/live/admin-easy-bootstrap/images/icon-65.png]
[nicolaegabriel.info/live/admin-easy-bootstrap/images/icon-66.png]
[nicolaegabriel.info/live/admin-easy-bootstrap/images/icon-67.png]
[nicolaegabriel.info/live/admin-easy-bootstrap/images/icon-68.png]
[nicolaegabriel.info/live/admin-easy-bootstrap/images/icon-69.png]
[nicolaegabriel.info/live/admin-easy-bootstrap/images/icon-70.png]
[nicolaegabriel.info/live/admin-easy-bootstrap/images/icon-71.png]
[nicolaegabriel.info/live/admin-easy-bootstrap/images/icon-72.png]
[nicolaegabriel.info/live/admin-easy-bootstrap/images/icon-73.png]
[nicolaegabriel.info/live/admin-easy-bootstrap/images/icon-74.png]
[nicolaegabriel.info/live/admin-easy-bootstrap/images/icon-75.png]
[nicolaegabriel.info/live/admin-easy-bootstrap/images/icon-76.png]
[nicolaegabriel.info/live/admin-easy-bootstrap/images/icon-77.png]
[nicolaegabriel.info/live/admin-easy-bootstrap/images/icon-78.png]
[nicolaegabriel.info/live/admin-easy-bootstrap/images/icon-79.png]
[nicolaegabriel.info/live/admin-easy-bootstrap/images/icon-80.png]
[nicolaegabriel.info/live/admin-easy-bootstrap/images/icon-81.png]
[nicolaegabriel.info/live/admin-easy-bootstrap/images/icon-82.png]
[nicolaegabriel.info/live/admin-easy-bootstrap/images/icon-83.png]
[nicolaegabriel.info/live/admin-easy-bootstrap/images/icon-84.png]
[nicolaegabriel.info/live/admin-easy-bootstrap/images/icon-85.png]
[nicolaegabriel.info/live/admin-easy-bootstrap/images/icon-86.png]
[nicolaegabriel.info/live/admin-easy-bootstrap/images/icon-87.png]
[nicolaegabriel.info/live/admin-easy-bootstrap/images/icon-88.png]
[nicolaegabriel.info/live/admin-easy-bootstrap/images/icon-89.png]
[nicolaegabriel.info/live/admin-easy-bootstrap/images/icon-90.png]
[nicolaegabriel.info/live/admin-easy-bootstrap/images/icon-91.png]
[nicolaegabriel.info/live/admin-easy-bootstrap/images/icon-92.png]
[nicolaegabriel.info/live/admin-easy-bootstrap/images/icon-93.png]
[nicolaegabriel.info/live/admin-easy-bootstrap/images/icon-94.png]
[nicolaegabriel.info/live/admin-easy-bootstrap/images/icon-95.png]
[nicolaegabriel.info/live/admin-easy-bootstrap/images/icon-96.png]
[nicolaegabriel.info/live/admin-easy-bootstrap/images/icon-97.png]
[nicolaegabriel.info/live/admin-easy-bootstrap/images/icon-98.png]
[nicolaegabriel.info/live/admin-easy-bootstrap/images/icon-99.png]
[nicolaegabriel.info/live/admin-easy-bootstrap/images/icon-100.png]
[nicolaegabriel.info/live/admin-easy-bootstrap/images/icon-101.png]
[nicolaegabriel.info/live/admin-easy-bootstrap/images/icon-102.png]
[nicolaegabriel.info/live/admin-easy-bootstrap/images/icon-103.png]
[nicolaegabriel.info/live/admin-easy-bootstrap/images/icon-104.png]
[nicolaegabriel.info/live/admin-easy-bootstrap/images/icon-105.png]
[nicolaegabriel.info/live/admin-easy-bootstrap/images/icon-106.png]
[nicolaegabriel.info/live/admin-easy-bootstrap/images/icon-107.png]
[nicolaegabriel.info/live/admin-easy-bootstrap/images/icon-108.png]
[nicolaegabriel.info/live/admin-easy-bootstrap/images/icon-109.png]
[nicolaegabriel.info/live/admin-easy-bootstrap/images/icon-110.png]
[nicolaegabriel.info/live/admin-easy-bootstrap/images/icon-111.png]
[nicolaegabriel.info/live/admin-easy-bootstrap/images/icon-112.png]
[nicolaegabriel.info/live/admin-easy-bootstrap/images/icon-113.png]
[nicolaegabriel.info/live/admin-easy-bootstrap/images/icon-114.png]
[nicolaegabriel.info/live/admin-easy-bootstrap/images/icon-115.png]
[nicolaegabriel.info/live/admin-easy-bootstrap/images/icon-116.png]
[nicolaegabriel.info/live/admin-easy-bootstrap/images/icon-117.png]
[nicolaegabriel.info/live/admin-easy-bootstrap/images/icon-118.png]
[nicolaegabriel.info/live/admin-easy-bootstrap/images/icon-119.png]
[nicolaegabriel.info/live/admin-easy-bootstrap/images/icon-120.png]
[nicolaegabriel.info/live/admin-easy-bootstrap/images/icon-121.png]
[nicolaegabriel.info/live/admin-easy-bootstrap/images/icon-122.png]
[nicolaegabriel.info/live/admin-easy-bootstrap/images/icon-123.png]
[nicolaegabriel.info/live/admin-easy-bootstrap/images/icon-124.png]
[nicolaegabriel.info/live/admin-easy-bootstrap/images/icon-125.png]
[nicolaegabriel.info/live/admin-easy-bootstrap/images/icon-126.png]
[nicolaegabriel.info/live/admin-easy-bootstrap/images/icon-127.png]
[nicolaegabriel.info/live/admin-easy-bootstrap/images/icon-128.png]
[nicolaegabriel.info/live/admin-easy-bootstrap/images/icon-129.png]
[nicolaegabriel.info/live/admin-easy-bootstrap/images/icon-130.png]
[nicolaegabriel.info/live/admin-easy-bootstrap/images/icon-131.png]
[nicolaegabriel.info/live/admin-easy-bootstrap/images/icon-132.png]
[nicolaegabriel.info/live/admin-easy-bootstrap/images/icon-133.png]
[nicolaegabriel.info/live/admin-easy-bootstrap/images/icon-134.png]
[nicolaegabriel.info/live/admin-easy-bootstrap/images/icon-135.png]
[nicolaegabriel.info/live/admin-easy-bootstrap/images/icon-136.png]
[nicolaegabriel.info/live/admin-easy-bootstrap/images/icon-137.png]
[nicolaegabriel.info/live/admin-easy-bootstrap/images/icon-138.png]
[nicolaegabriel.info/live/admin-easy-bootstrap/images/icon-139.png]
[nicolaegabriel.info/live/admin-easy-bootstrap/images/icon-140.png]
[nicolaegabriel.info/live/admin-easy-bootstrap/images/icon-141.png]
[nicolaegabriel.info/live/admin-easy-bootstrap/images/icon-142.png]
[nicolaegabriel.info/live/admin-easy-bootstrap/images/icon-143.png]
[nicolaegabriel.info/live/admin-easy-bootstrap/images/icon-144.png]
[nicolaegabriel.info/live/admin-easy-bootstrap/images/icon-145.png]
[nicolaegabriel.info/live/admin-easy-bootstrap/images/icon-146.png]
[nicolaegabriel.info/live/admin-easy-bootstrap/images/icon-147.png]
[nicolaegabriel.info/live/admin-easy-bootstrap/images/icon-148.png]
[nicolaegabriel.info/live/admin-easy-bootstrap/images/icon-149.png]
[nicolaegabriel.info/live/admin-easy-bootstrap/images/icon-150.png]
[nicolaegabriel.info/live/admin-easy-bootstrap/images/icon-151.png]
[nicolaegabriel.info/live/admin-easy-bootstrap/images/icon-152.png]
[nicolaegabriel.info/live/admin-easy-bootstrap/images/icon-153.png]
[nicolaegabriel.info/live/admin-easy-bootstrap/images/icon-154.png]
[nicolaegabriel.info/live/admin-easy-bootstrap/images/icon-155.png]
[nicolaegabriel.info/live/admin-easy-bootstrap/images/icon-156.png]
[nicolaegabriel.info/live/admin-easy-bootstrap/images/icon-157.png]
[nicolaegabriel.info/live/admin-easy-bootstrap/images/icon-158.png]
[nicolaegabriel.info/live/admin-easy-bootstrap/images/icon-159.png]
[nicolaegabriel.info/live/admin-easy-bootstrap/images/icon-160.png]
[nicolaegabriel.info/live/admin-easy-bootstrap/images/icon-161.png]
[nicolaegabriel.info/live/admin-easy-bootstrap/images/icon-163.png]
[nicolaegabriel.info/live/admin-easy-bootstrap/images/icon-164.png]
[nicolaegabriel.info/live/admin-easy-bootstrap/images/icon-165.png]
[nicolaegabriel.info/live/admin-easy-bootstrap/images/icon-166.png]
[nicolaegabriel.info/live/admin-easy-bootstrap/images/icon-167.png]
[nicolaegabriel.info/live/admin-easy-bootstrap/images/icon-168.png]
[nicolaegabriel.info/live/admin-easy-bootstrap/images/icon-169.png]
[nicolaegabriel.info/live/admin-easy-bootstrap/images/icon-170.png]
[nicolaegabriel.info/live/admin-easy-bootstrap/images/icon-171.png]
[nicolaegabriel.info/live/admin-easy-bootstrap/images/icon-172.png]
[nicolaegabriel.info/live/admin-easy-bootstrap/images/icon-173.png]
[nicolaegabriel.info/live/admin-easy-bootstrap/images/icon-174.png]
[nicolaegabriel.info/live/admin-easy-bootstrap/images/icon-175.png]
[nicolaegabriel.info/live/admin-easy-bootstrap/images/icon-176.png]
[nicolaegabriel.info/live/admin-easy-bootstrap/images/icon-177.png]
[nicolaegabriel.info/live/admin-easy-bootstrap/images/icon-178.png]
[nicolaegabriel.info/live/admin-easy-bootstrap/images/icon-179.png]
[nicolaegabriel.info/live/admin-easy-bootstrap/images/icon-180.png]
[nicolaegabriel.info/live/admin-easy-bootstrap/images/icon-181.png]
[nicolaegabriel.info/live/admin-easy-bootstrap/images/icon-182.png]
[nicolaegabriel.info/live/admin-easy-bootstrap/images/icon-183.png]
[nicolaegabriel.info/live/admin-easy-bootstrap/images/icon-184.png]
[nicolaegabriel.info/live/admin-easy-bootstrap/images/icon-185.png]
[nicolaegabriel.info/live/admin-easy-bootstrap/images/icon-186.png]
[nicolaegabriel.info/live/admin-easy-bootstrap/images/icon-187.png]
[nicolaegabriel.info/live/admin-easy-bootstrap/images/icon-188.png]
[nicolaegabriel.info/live/admin-easy-bootstrap/images/icon-189.png]
[nicolaegabriel.info/live/admin-easy-bootstrap/images/icon-190.png]
[nicolaegabriel.info/live/admin-easy-bootstrap/images/icon-191.png]
[nicolaegabriel.info/live/admin-easy-bootstrap/images/icon-192.png]
[nicolaegabriel.info/live/admin-easy-bootstrap/images/icon-193.png]
[nicolaegabriel.info/live/admin-easy-bootstrap/images/icon-194.png]
[nicolaegabriel.info/live/admin-easy-bootstrap/images/icon-195.png]
[nicolaegabriel.info/live/admin-easy-bootstrap/images/icon-196.png]
[nicolaegabriel.info/live/admin-easy-bootstrap/images/icon-197.png]
[nicolaegabriel.info/live/admin-easy-bootstrap/images/icon-198.png]
[nicolaegabriel.info/live/admin-easy-bootstrap/images/icon-199.png]
[nicolaegabriel.info/live/admin-easy-bootstrap/images/icon-200.png]
[nicolaegabriel.info/live/admin-easy-bootstrap/images/icon-201.png]
[nicolaegabriel.info/live/admin-easy-bootstrap/images/icon-202.png]
[nicolaegabriel.info/live/admin-easy-bootstrap/images/icon-203.png]
[nicolaegabriel.info/live/admin-easy-bootstrap/images/icon-204.png]
[nicolaegabriel.info/live/admin-easy-bootstrap/images/icon-205.png]
[nicolaegabriel.info/live/admin-easy-bootstrap/images/icon-206.png]
[nicolaegabriel.info/live/admin-easy-bootstrap/images/icon-207.png]
[nicolaegabriel.info/live/admin-easy-bootstrap/images/icon-208.png]
[nicolaegabriel.info/live/admin-easy-bootstrap/images/icon-209.png]
[nicolaegabriel.info/live/admin-easy-bootstrap/images/icon-210.png]
[nicolaegabriel.info/live/admin-easy-bootstrap/images/back-shadow-input.png]
[nicolaegabriel.info/live/admin-easy-bootstrap/images/input-pass-close.png]
[nicolaegabriel.info/live/admin-easy-bootstrap/images/icon-checked-btn.png]
[nicolaegabriel.info/live/admin-easy-bootstrap/images/back-toggle-checked.png]
[nicolaegabriel.info/live/admin-easy-bootstrap/images/back-shadow-panel.png]
[nicolaegabriel.info/live/admin-easy-bootstrap/images/mf-icon-01.png]
[nicolaegabriel.info/live/admin-easy-bootstrap/images/mf-icon-02.png]
[nicolaegabriel.info/live/admin-easy-bootstrap/images/mf-icon-03.png]
[nicolaegabriel.info/live/admin-easy-bootstrap/images/icon-close-two.png]
[nicolaegabriel.info/live/admin-easy-bootstrap/images/multiple-form-icon-01.png]
[nicolaegabriel.info/live/admin-easy-bootstrap/images/multiple-form-icon-02.png]
[nicolaegabriel.info/live/admin-easy-bootstrap/images/multiple-form-icon-03.png]
[nicolaegabriel.info/live/admin-easy-bootstrap/images/multiple-form-icon-04.png]
[nicolaegabriel.info/live/admin-easy-bootstrap/images/icon-search-green.png]
[nicolaegabriel.info/live/admin-easy-bootstrap/images/droparea-01.png]
[nicolaegabriel.info/live/admin-easy-bootstrap/images/droparea-02.png]
[nicolaegabriel.info/live/admin-easy-bootstrap/images/back-shadow-panel-03.png]
[nicolaegabriel.info/live/admin-easy-bootstrap/images/back-shadow-panel-02.png]
[nicolaegabriel.info/live/admin-easy-bootstrap/images/icon-s-profile.png]
[nicolaegabriel.info/live/admin-easy-bootstrap/images/icon-s-log.png]
[nicolaegabriel.info/live/admin-easy-bootstrap/images/icon-s-calendar.png]
[nicolaegabriel.info/live/admin-easy-bootstrap/images/icon-s-error.png]
[nicolaegabriel.info/live/admin-easy-bootstrap/images/icon-s-search.png]
[nicolaegabriel.info/live/admin-easy-bootstrap/images/icon-s-clock.png]
[nicolaegabriel.info/live/admin-easy-bootstrap/images/icon-s-task.png]
[nicolaegabriel.info/live/admin-easy-bootstrap/images/icon-s-gallery.png]
[nicolaegabriel.info/live/admin-easy-bootstrap/images/icon-s-square.png]
[nicolaegabriel.info/live/admin-easy-bootstrap/images/sidebar-exp.png]
[nicolaegabriel.info/live/admin-easy-bootstrap/images/accordion-chevron-02.png]
[nicolaegabriel.info/live/admin-easy-bootstrap/images/accordion-chevron-01.png]
[nicolaegabriel.info/live/admin-easy-bootstrap/images/dropdown-pin.png]
[nicolaegabriel.info/live/admin-easy-bootstrap/images/dropdown-pin-02.png]
[nicolaegabriel.info/live/admin-easy-bootstrap/images/erase-icon.png]
[nicolaegabriel.info/live/admin-easy-bootstrap/images/back-input-shadow.png]
[nicolaegabriel.info/live/admin-easy-bootstrap/images/message-tab-bullet-02.png]
[nicolaegabriel.info/live/admin-easy-bootstrap/images/message-tab-bullet-01.png]
[nicolaegabriel.info/live/admin-easy-bootstrap/images/b-arrow.png]
[nicolaegabriel.info/live/admin-easy-bootstrap/images/back-placeholder-pattern.gif]
[nicolaegabriel.info/live/admin-easy-bootstrap/style.css]
[nicolaegabriel.info/live/admin-easy-bootstrap/index-2.html]
[nicolaegabriel.info/live/admin-easy-bootstrap/ui-sliders.html]
[nicolaegabriel.info/live/admin-easy-bootstrap/buttons.html]
[nicolaegabriel.info/live/admin-easy-bootstrap/icons.html]
[nicolaegabriel.info/live/admin-easy-bootstrap/tabs-and-accordions.html]
[maxcdn.bootstrapcdn.com/font-awesome/4.1.0/css/font-awesome.min.css]
[nicolaegabriel.info/live/admin-easy-bootstrap/modals.html]
[nicolaegabriel.info/live/admin-easy-bootstrap/scripts/jquery.nestable/nestable.css]
[nicolaegabriel.info/live/admin-easy-bootstrap/scripts/jquery.nestable/jquery.nestable.js]
[nicolaegabriel.info/live/admin-easy-bootstrap/scripts/jquery.mCustomScrollbar/jquery.mcustomscrollbar.js]
[nicolaegabriel.info/live/admin-easy-bootstrap/nestable-lists.html]
[nicolaegabriel.info/live/admin-easy-bootstrap/progress-bars.html]
[nicolaegabriel.info/live/admin-easy-bootstrap/scripts/jquery.mCustomScrollbar/jquery.mcustomscrollbar.css]
[nicolaegabriel.info/live/admin-easy-bootstrap/scripts/jquery.toggles/toggles.css]
[nicolaegabriel.info/live/admin-easy-bootstrap/scripts/jquery.toggles/toggles.js]
[nicolaegabriel.info/live/admin-easy-bootstrap/forms.html]
[nicolaegabriel.info/live/admin-easy-bootstrap/images/profile-page-01.png]
[nicolaegabriel.info/live/admin-easy-bootstrap/images/post-large-05.png]
[nicolaegabriel.info/live/admin-easy-bootstrap/images/timeline-gal-01.png]
[nicolaegabriel.info/live/admin-easy-bootstrap/images/timeline-gal-02.png]
[nicolaegabriel.info/live/admin-easy-bootstrap/images/timeline-gal-03.png]
[nicolaegabriel.info/live/admin-easy-bootstrap/images/timeline-gal-04.png]
[nicolaegabriel.info/live/admin-easy-bootstrap/profile-and-timeline.html]
[nicolaegabriel.info/live/admin-easy-bootstrap/images/sp-img-01.png]
[nicolaegabriel.info/live/admin-easy-bootstrap/images/sp-img-02.png]
[nicolaegabriel.info/live/admin-easy-bootstrap/images/sp-img-03.png]
[nicolaegabriel.info/live/admin-easy-bootstrap/images/sp-img-04.png]
[nicolaegabriel.info/live/admin-easy-bootstrap/images/sp-img-05.png]
[nicolaegabriel.info/live/admin-easy-bootstrap/images/sp-img-06.png]
[nicolaegabriel.info/live/admin-easy-bootstrap/images/paper-icon.png]
[nicolaegabriel.info/live/admin-easy-bootstrap/images/picture-icon.png]
[nicolaegabriel.info/live/admin-easy-bootstrap/search-page.html]
[nicolaegabriel.info/live/admin-easy-bootstrap/invoice.html]
[nicolaegabriel.info/live/admin-easy-bootstrap/message-page.html]
[nicolaegabriel.info/live/admin-easy-bootstrap/scripts/jquery.calendar/fullcalendar.css]
[nicolaegabriel.info/live/admin-easy-bootstrap/scripts/jquery.calendar/fullcalendar.js]
[nicolaegabriel.info/live/admin-easy-bootstrap/calendar.html]
[nicolaegabriel.info/live/admin-easy-bootstrap/images/gallery-img-01.png]
[cdnjs.cloudflare.com/ajax/libs/raphael/2.1.0/raphael-min.js]
[nicolaegabriel.info/live/admin-easy-bootstrap/images/gallery-img-02.png]
[nicolaegabriel.info/live/admin-easy-bootstrap/images/gallery-img-03.png]
[nicolaegabriel.info/live/admin-easy-bootstrap/images/gallery-img-04.png]
[nicolaegabriel.info/live/admin-easy-bootstrap/images/gallery-img-06.png]
[nicolaegabriel.info/live/admin-easy-bootstrap/images/gallery-img-07.png]
[nicolaegabriel.info/live/admin-easy-bootstrap/images/gallery-img-08.png]
[nicolaegabriel.info/live/admin-easy-bootstrap/images/gallery-img-09.png]
[nicolaegabriel.info/live/admin-easy-bootstrap/images/gallery-img-10.png]
[nicolaegabriel.info/live/admin-easy-bootstrap/images/gallery-img-12.png]
[nicolaegabriel.info/live/admin-easy-bootstrap/images/gallery-img-13.png]
[nicolaegabriel.info/live/admin-easy-bootstrap/images/gallery-img-14.png]
[nicolaegabriel.info/live/admin-easy-bootstrap/images/gallery-img-15.png]
[nicolaegabriel.info/live/admin-easy-bootstrap/images/gallery-img-16.png]
[nicolaegabriel.info/live/admin-easy-bootstrap/images/gallery-img-18.png]
[nicolaegabriel.info/live/admin-easy-bootstrap/images/gallery-img-19.png]
[nicolaegabriel.info/live/admin-easy-bootstrap/images/gallery-img-20.png]
[nicolaegabriel.info/live/admin-easy-bootstrap/images/gallery-img-21.png]
[nicolaegabriel.info/live/admin-easy-bootstrap/images/gallery-img-23.png]
[nicolaegabriel.info/live/admin-easy-bootstrap/scripts/jquery.masonry/masonry.min.js]
[nicolaegabriel.info/live/admin-easy-bootstrap/gallery.html]
[nicolaegabriel.info/live/admin-easy-bootstrap/scripts/jquery.cowntdown/cowntdown.css]
[nicolaegabriel.info/live/admin-easy-bootstrap/scripts/jquery.cowntdown/countdown.js]
[nicolaegabriel.info/live/admin-easy-bootstrap/cowntdown.html]
[nicolaegabriel.info/live/admin-easy-bootstrap/images/small-logo-img.png]
[nicolaegabriel.info/live/admin-easy-bootstrap/page-not-found.html]
[nicolaegabriel.info/live/admin-easy-bootstrap/typography.html]
[nicolaegabriel.info/live/admin-easy-bootstrap/scripts/jquery.dropzone/dropzone.css]
[nicolaegabriel.info/live/admin-easy-bootstrap/scripts/jquery.dropzone/dropzone.js]
[nicolaegabriel.info/live/admin-easy-bootstrap/dropzone-page.html]
[nicolaegabriel.info/live/admin-easy-bootstrap/notes.html]
[nicolaegabriel.info/live/admin-easy-bootstrap/images/contact-img-info.png]
[nicolaegabriel.info/live/admin-easy-bootstrap/contact-page.html]
[nicolaegabriel.info/live/admin-easy-bootstrap/basic-tables.html]
[nicolaegabriel.info/live/admin-easy-bootstrap/images/logo-login.png]
[nicolaegabriel.info/live/admin-easy-bootstrap/login-and-register.html]
[nicolaegabriel.info/live/admin-easy-bootstrap/lock-screen.html]
[nicolaegabriel.info/live/admin-easy-bootstrap/images/lock-screen-img-01.png]
[nicolaegabriel.info/live/admin-easy-bootstrap/scripts/jquery.charts/morris.css]
[nicolaegabriel.info/live/admin-easy-bootstrap/scripts/jquery.charts/morris.js]
[nicolaegabriel.info/live/admin-easy-bootstrap/charts.html]
[nicolaegabriel.info/live/admin-easy-bootstrap/messages.html]
[nicolaegabriel.info/live/admin-easy-bootstrap/scripts/jquery.scrollbar/jquery.mousewheel.html]
[nicolaegabriel.info/live/admin-easy-bootstrap/scripts/jquery.scrollbar/perfect-scrollbar.html]
[nicolaegabriel.info/live/admin-easy-bootstrap/scripts/jquery.tipsy/tipsy-2.html]
[nicolaegabriel.info/live/admin-easy-bootstrap/fonts/font-awesome-4.0.3/fonts/fontawesome-webfontba72.svg]
[nicolaegabriel.info/live/admin-easy-bootstrap/bootstrap/fonts/glyphicons-halflings-regular.svg]
[nicolaegabriel.info/live/admin-easy-bootstrap/images/icon-162.png]
[ajax.googleapis.com/ajax/libs/jqueryui/1.11.0/themes/ui-lightness/images/animated-overlay.gif]
[ajax.googleapis.com/ajax/libs/jqueryui/1.11.0/themes/ui-lightness/images/ui-bg_highlight-soft_100_eeeeee_1x100.png]
[ajax.googleapis.com/ajax/libs/jqueryui/1.11.0/themes/ui-lightness/images/ui-bg_gloss-wave_35_f6a828_500x100.png]
[ajax.googleapis.com/ajax/libs/jqueryui/1.11.0/themes/ui-lightness/images/ui-bg_glass_100_f6f6f6_1x400.png]
[ajax.googleapis.com/ajax/libs/jqueryui/1.11.0/themes/ui-lightness/images/ui-bg_glass_100_fdf5ce_1x400.png]
[ajax.googleapis.com/ajax/libs/jqueryui/1.11.0/themes/ui-lightness/images/ui-bg_glass_65_ffffff_1x400.png]
[ajax.googleapis.com/ajax/libs/jqueryui/1.11.0/themes/ui-lightness/images/ui-bg_highlight-soft_75_ffe45c_1x100.png]
[ajax.googleapis.com/ajax/libs/jqueryui/1.11.0/themes/ui-lightness/images/ui-bg_diagonals-thick_18_b81900_40x40.png]
[ajax.googleapis.com/ajax/libs/jqueryui/1.11.0/themes/ui-lightness/images/ui-icons_222222_256x240.png]
[ajax.googleapis.com/ajax/libs/jqueryui/1.11.0/themes/ui-lightness/images/ui-icons_ffffff_256x240.png]
[ajax.googleapis.com/ajax/libs/jqueryui/1.11.0/themes/ui-lightness/images/ui-icons_ef8c08_256x240.png]
[ajax.googleapis.com/ajax/libs/jqueryui/1.11.0/themes/ui-lightness/images/ui-icons_228ef1_256x240.png]
[ajax.googleapis.com/ajax/libs/jqueryui/1.11.0/themes/ui-lightness/images/ui-icons_ffd27a_256x240.png]
[ajax.googleapis.com/ajax/libs/jqueryui/1.11.0/themes/ui-lightness/images/ui-bg_diagonals-thick_20_666666_40x40.png]
[ajax.googleapis.com/ajax/libs/jqueryui/1.11.0/themes/ui-lightness/images/ui-bg_flat_10_000000_40x100.png]
[ajax.googleapis.com/ajax/libs/jqueryui/1.11.0/themes/ui-lightness/jquery-ui.min.css]
[maxcdn.bootstrapcdn.com/font-awesome/4.1.0/css/font-awesome.min.css]
[cdn.oesmith.co.uk/morris-0.4.3.min.css]
[nicolaegabriel.info/live/admin-easy-bootstrap/scripts/jquery.nestable/nestable-01.png]
[nicolaegabriel.info/live/admin-easy-bootstrap/scripts/jquery.nestable/nestable-02.png]
[nicolaegabriel.info/live/admin-easy-bootstrap/scripts/jquery.nestable/nestable-03.png]
[nicolaegabriel.info/live/admin-easy-bootstrap/scripts/jquery.nestable/nestable.css]
[nicolaegabriel.info/live/admin-easy-bootstrap/scripts/jquery.scrollbar/perfect-scrollbar-2.html]
[nicolaegabriel.info/live/admin-easy-bootstrap/scripts/jquery.mCustomScrollbar/jquery.mcustomscrollbar.css]
[nicolaegabriel.info/live/admin-easy-bootstrap/scripts/jquery.toggles/toggles.css]
[cdn.oesmith.co.uk/morris-0.4.3.min.js]
[nicolaegabriel.info/live/admin-easy-bootstrap/scripts/jquery.calendar/back-nav-calendar-arrows.png]
[nicolaegabriel.info/live/admin-easy-bootstrap/scripts/jquery.calendar/back-arrows-cal-02.png]
[nicolaegabriel.info/live/admin-easy-bootstrap/scripts/jquery.calendar/fullcalendar.css]
[nicolaegabriel.info/live/admin-easy-bootstrap/images/gallery-img-05.png]
[nicolaegabriel.info/live/admin-easy-bootstrap/images/gallery-img-11.png]
[nicolaegabriel.info/live/admin-easy-bootstrap/images/gallery-img-17.png]
[nicolaegabriel.info/live/admin-easy-bootstrap/images/gallery-img-22.png]
[nicolaegabriel.info/live/admin-easy-bootstrap/scripts/jquery.cowntdown/cowntdown.css]
[nicolaegabriel.info/live/admin-easy-bootstrap/scripts/jquery.dropzone/cloud-download-icn.png]
[nicolaegabriel.info/live/admin-easy-bootstrap/scripts/jquery.dropzone/dropzone.css]
[nicolaegabriel.info/live/admin-easy-bootstrap/scripts/jquery.charts/morris.css]
[nicolaegabriel.info/live/admin-easy-bootstrap/scripts/jquery.mCustomScrollbar/mCSB_buttons.html]
